// Jest Snapshot v1, https://goo.gl/fbAQLP

exports[`renders correctly 1`] = `
<Text
  style={
    Object {
      "color": "#2D02FF",
      "fontSize": 20,
      "fontWeight": "bold",
      "marginBottom": 10,
    }
  }
>
  Sign Up
</Text>
`;
