// Jest Snapshot v1, https://goo.gl/fbAQLP

exports[`renders correctly snapshot 1`] = `ShallowWrapper {}`;
