// Jest Snapshot v1, https://goo.gl/fbAQLP

exports[`renders correctly 1`] = `
<View
  style={
    Object {
      "marginTop": 15,
    }
  }
>
  <View
    accessible={true}
    focusable={false}
    onClick={[Function]}
    onResponderGrant={[Function]}
    onResponderMove={[Function]}
    onResponderRelease={[Function]}
    onResponderTerminate={[Function]}
    onResponderTerminationRequest={[Function]}
    onStartShouldSetResponder={[Function]}
    style={
      Object {
        "backgroundColor": "#b6b7ba",
        "borderRadius": 10,
        "flexDirection": "row",
        "justifyContent": "center",
        "marginBottom": 5,
        "opacity": 1,
        "padding": 12,
      }
    }
  >
    <Text
      style={
        Object {
          "color": "#FFF",
          "fontSize": 18,
          "fontWeight": "bold",
          "textAlign": "center",
        }
      }
    >
      Sign Up
    </Text>
  </View>
  <Text
    style={
      Object {
        "color": "#b6b7ba",
        "marginBottom": 10,
        "marginTop": 10,
        "textAlign": "center",
      }
    }
  >
    or
  </Text>
  <View
    accessible={true}
    focusable={false}
    onClick={[Function]}
    onResponderGrant={[Function]}
    onResponderMove={[Function]}
    onResponderRelease={[Function]}
    onResponderTerminate={[Function]}
    onResponderTerminationRequest={[Function]}
    onStartShouldSetResponder={[Function]}
    style={
      Object {
        "backgroundColor": "#b6b7ba",
        "borderRadius": 10,
        "flexDirection": "row",
        "justifyContent": "center",
        "marginBottom": 5,
        "opacity": 1,
        "padding": 12,
      }
    }
  >
    <Image
      source={
        Object {
          "testUri": "../../../src/assets/images/google.png",
        }
      }
      style={
        Array [
          Object {
            "height": 20,
            "marginTop": 3,
            "width": 20,
          },
          Object {
            "marginLeft": -75,
          },
        ]
      }
    />
    <Text
      style={
        Array [
          Object {
            "color": "#FFF",
            "fontSize": 18,
            "fontWeight": "bold",
            "textAlign": "center",
          },
          Object {
            "marginLeft": 50,
          },
        ]
      }
    >
      Sign Up with Google
    </Text>
  </View>
  <View
    style={
      Object {
        "flexDirection": "row",
        "justifyContent": "center",
        "marginTop": 10,
        "textAlign": "center",
      }
    }
  >
    <Text>
      Already have an account?
    </Text>
    <View
      accessible={true}
      focusable={false}
      onClick={[Function]}
      onResponderGrant={[Function]}
      onResponderMove={[Function]}
      onResponderRelease={[Function]}
      onResponderTerminate={[Function]}
      onResponderTerminationRequest={[Function]}
      onStartShouldSetResponder={[Function]}
      style={
        Object {
          "opacity": 1,
        }
      }
    >
      <Text
        style={
          Object {
            "color": "#2D02FF",
          }
        }
      >
        Log In
      </Text>
    </View>
  </View>
</View>
`;
