// Jest Snapshot v1, https://goo.gl/fbAQLP

exports[`Funcionality when is enabled snapshot 1`] = `ShallowWrapper {}`;

exports[`SignUpButton component renders as expected renders correctly 1`] = `ShallowWrapper {}`;
