// Jest Snapshot v1, https://goo.gl/fbAQLP

exports[`renders correclty snapshot 1`] = `ShallowWrapper {}`;
