// Jest Snapshot v1, https://goo.gl/fbAQLP

exports[`Reders conrreclty snapshot 1`] = `ShallowWrapper {}`;
